
> himalayan-ai-tech-pro-frontend@1.0.0 build
> next build

   ▲ Next.js 15.5.15
   - Environments: .env.local, .env.production

   Creating an optimized production build ...
 ✓ Compiled successfully in 15.5s
   Linting and checking validity of types ...
   Collecting page data ...
   Generating static pages (0/6) ...
   Generating static pages (1/6) 
   Generating static pages (2/6) 
   Generating static pages (4/6) 
 ✓ Generating static pages (6/6)
   Finalizing page optimization ...
   Collecting build traces ...

Route (app)                                 Size  First Load JS
┌ ○ /                                    41.2 kB         183 kB
├ ○ /_not-found                            131 B         102 kB
├ ○ /robots.txt                            131 B         102 kB
└ ○ /sitemap.xml                           131 B         102 kB
+ First Load JS shared by all             102 kB
  ├ chunks/255-4f212684648fcab9.js         46 kB
  ├ chunks/4bd1b696-c023c6e3521b1417.js  54.2 kB
  └ other shared chunks (total)          1.99 kB


○  (Static)  prerendered as static content

